

HI-TECH Software PICC Macro Assembler V8.05PL2
Serial number: HCPIC-00000                            Thu Nov 10 14:45:11 2022

Licensed to: MITSOS FOREVER
     1                           	processor	16F84A
     2                           	opt	pw 79
     3                           	psect	__Z00000RS_,global,delta=1
     4                           	psect	text0,local,class=CODE,delta=2
     5                           	psect	text1,local,class=CODE,delta=2
     6                           	psect	text2,local,class=CODE,delta=2
     7                           	psect	text3,local,class=CODE,delta=2
     8                           	psect	text4,local,class=CODE,delta=2
     9                           	psect	rbss_0,global,class=BANK0,space=1,delta=
      +                          1
    10                           	psect	temp,global,ovrld,class=BANK0,space=1,de
      +                          lta=1
    11  0000                     
    12  0000                     
    13  0000                     
    14  0000                     
    15  0000                     
    16  0000                     
    17  0000                     
    18  0000                     
    19  0000                     
    20  0000                     
    21                           
    22                           	psect	__Z00000RS_
    23  001A                     
    24  001A                     
    25                           
    26                           	psect	text0
    27  02D1                     _hc595Begin
    28                           ;hc595.c: 22: TRISA = 0b00000000;
    29  02D1  1683               	bsf	3,5
    30  02D2  0185               	clrf	5	;volatile
    31                           ;hc595.c: 23: fpa = PORTA;
    32  02D3  1283               	bcf	3,5
    33  02D4  0805               	movf	5,w	;volatile
    34  02D5  008D               	movwf	_fpa
    35                           ;hc595.c: 24: }
    36  02D6  0008               	return
    37                           
    38                           	psect	text1
    39  0300                     _hc595Init
    40                           ;hc595.c: 27: fpa=PORTA;
    41  0300  1283               	bcf	3,5
    42  0301  0805               	movf	5,w	;volatile
    43  0302  008D               	movwf	_fpa
    44                           ;hc595.c: 29: ((fpa) |= (1 << (0)));
    45  0303  140D               	bsf	_fpa,0
    46                           ;hc595.c: 30: ((fpa) &= ~(1 << (1)));
    47  0304  108D               	bcf	_fpa,1
    48                           ;hc595.c: 31: ((fpa) &= ~(1 << (2)));
    49  0305  110D               	bcf	_fpa,2
    50                           ;hc595.c: 32: ((fpa) &= ~(1 << (3)));
    51  0306  118D               	bcf	_fpa,3
    52                           ;hc595.c: 34: PORTA=fpa;
    53  0307  080D               	movf	_fpa,w
    54  0308  0085               	movwf	5	;volatile
    55                           ;hc595.c: 35: }
    56  0309  0008               	return
    57                           
    58                           	psect	text2
    59  037A                     _hc595Data
    60                           ;	_paquete assigned to ?a_hc595Data+0
    61  0000                     _hc595Data$paquete	set	?a_hc595Data
    62                           ;	_i assigned to ?a_hc595Data+1
    63  0000                     _hc595Data$i	set	?a_hc595Data+1
    64                           ;_paquete stored from w
    65  037A  1283               	bcf	3,5
    66  037B  0095               	movwf	?a_hc595Data
    67                           ;hc595.c: 39: char i;
    68  037C  0196               	clrf	?a_hc595Data+1
    69  037D                     l4
    70                           ;hc595.c: 43: {
    71                           ;hc595.c: 45: if (((paquete) & (1 << (7-i))))
    72  037D  3001               	movlw	1
    73  037E  0098               	movwf	btemp
    74  037F  0816               	movf	?a_hc595Data+1,w
    75  0380  3C07               	sublw	7
    76  0381  0099               	movwf	btemp+1
    77  0382  0A99               	incf	btemp+1
    78  0383  2B86               	goto	u14
    79  0384                     u15
    80  0384  1003               	bcf	3,0
    81  0385  0D98               	rlf	btemp
    82  0386                     u14
    83  0386  0B99               	decfsz	btemp+1
    84  0387  2B84               	goto	u15
    85  0388  0818               	movf	btemp,w
    86  0389  0515               	andwf	?a_hc595Data,w
    87  038A  1903               	btfsc	3,2
    88  038B  2B8E               	goto	l7
    89                           ;hc595.c: 46: ((fpa) |= (1 << (4)));
    90  038C  160D               	bsf	_fpa,4
    91                           ;hc595.c: 47: else
    92  038D  2B8F               	goto	l8
    93  038E                     l7
    94                           ;hc595.c: 48: ((fpa) &= ~(1 << (4)));
    95  038E  120D               	bcf	_fpa,4
    96  038F                     l8
    97                           ;hc595.c: 50: PORTA=fpa;
    98  038F  080D               	movf	_fpa,w
    99  0390  0085               	movwf	5	;volatile
   100                           ;hc595.c: 51: delay(1);
   101  0391  3001               	movlw	1
   102  0392  1283               	bcf	3,5
   103  0393  2317               	call	_delay
   104                           ;hc595.c: 53: ((fpa) |= (1 << (1)));
   105  0394  148D               	bsf	_fpa,1
   106                           ;hc595.c: 54: PORTA=fpa;
   107  0395  080D               	movf	_fpa,w
   108  0396  0085               	movwf	5	;volatile
   109                           ;hc595.c: 55: delay(1);
   110  0397  3001               	movlw	1
   111  0398  2317               	call	_delay
   112                           ;hc595.c: 56: ((fpa) &= ~(1 << (1)));
   113  0399  108D               	bcf	_fpa,1
   114                           ;hc595.c: 57: PORTA=fpa;
   115  039A  080D               	movf	_fpa,w
   116  039B  0085               	movwf	5	;volatile
   117                           ;hc595.c: 59: }
   118  039C  0A96               	incf	?a_hc595Data+1
   119  039D  3008               	movlw	8
   120  039E  0216               	subwf	?a_hc595Data+1,w
   121  039F  1803               	btfsc	3,0
   122  03A0  0008               	return
   123  03A1  2B7D               	goto	l4
   124                           
   125                           	psect	text3
   126                           ;hc595.c: 62: void hc595End(void){
   127  02DD                     _hc595End
   128                           ;hc595.c: 63: ((fpa) |= (1 << (0)));
   129  02DD  1283               	bcf	3,5
   130  02DE  140D               	bsf	_fpa,0
   131                           ;hc595.c: 64: ((fpa) |= (1 << (2)));
   132  02DF  150D               	bsf	_fpa,2
   133                           ;hc595.c: 65: ((fpa) &= ~(1 << (3)));
   134  02E0  118D               	bcf	_fpa,3
   135                           ;hc595.c: 66: PORTA=fpa;
   136  02E1  080D               	movf	_fpa,w
   137  02E2  0085               	movwf	5	;volatile
   138                           ;hc595.c: 67: }
   139  02E3  0008               	return
   140                           
   141                           	psect	text4
   142  0000                     
   143  0000                     
   144  0000                     
   145  0000                     
   146  0000                     
   147  0000                     
   148  0000                     
   149  0000                     
   150  0000                     
   151  0000                     
   152  0000                     
   153  0000                     
   154  0000                     
   155  0000                     
   156  0000                     
   157  0000                     
   158  0000                     
   159  0000                     
   160  0000                     
   161  0000                     
   162  0000                     
   163  0000                     
   164  0000                     
   165  0000                     
   166  0000                     
   167  0000                     
   168  0000                     
   169  0000                     
   170  0000                     
   171  0000                     
   172  0000                     
   173  0000                     
   174  0000                     
   175  0000                     
   176  0000                     
   177  0000                     
   178  0000                     
   179  0000                     
   180  0000                     
   181  0000                     
   182  0000                     
   183  0000                     
   184  0000                     
   185  0000                     
   186  0000                     
   187  0000                     
   188  0000                     
   189  0000                     
   190  0000                     
   191  0000                     
   192  0000                     
   193  0000                     
   194  0000                     
   195  0000                     
   196  0000                     
   197  0000                     
   198  0000                     
   199  0000                     
   200  0000                     
   201  0000                     
   202  0000                     
   203  0000                     
   204  0000                     
   205  0000                     
   206  0000                     
   207  0000                     
   208  0000                     
   209  0000                     
   210  0000                     
   211  0000                     
   212  0000                     
   213  0000                     
   214  0000                     
   215  0000                     
   216  0000                     
   217  0000                     
   218  0000                     
   219  0000                     
   220  0000                     
   221  0000                     
   222  0000                     
   223  0000                     
   224  0000                     
   225  0000                     
   226  0000                     
   227  0000                     
   228  0000                     
   229  0000                     
   230  0000                     
   231  0000                     
   232  0000                     
   233  0000                     
   234  0000                     
   235  0000                     
   236  0000                     
   237  0000                     
   238                           
   239                           	psect	rbss_0
   240  000D                     _fpa
   241  000D                     	ds	1
   242                           
   243                           	psect	temp
   244  0018                     btemp
   245  0018                     	ds	2


HI-TECH Software PICC Macro Assembler V8.05PL2
Symbol Table                                          Thu Nov 10 14:45:11 2022

                l4 037D                  l7 038E                  l8 038F  
       _hc595Begin 02D1                 u14 0386                 u15 0384  
              _fpa 000D               btemp 0018        ?a_hc595Data 0015  
        _hc595Data 037A          _hc595Init 0300              _delay 0317  
            status 0003           _hc595End 02DD         clear_bank0 0017  
       used_btemp0 0001         used_btemp1 0001  
