

HI-TECH Software PICC Macro Assembler V8.05PL2
Serial number: HCPIC-00000                            Thu Nov 24 15:29:10 2022

Licensed to: MITSOS FOREVER
     1                           	processor	16F84A
     2                           	opt	pw 79
     3                           	psect	__Z00000RS_,global,delta=1
     4                           	psect	text0,local,class=CODE,delta=2
     5                           	psect	config,global,class=CONFIG,delta=2
     6                           	psect	text1,local,class=CODE,delta=2
     7                           	psect	text2,local,class=CODE,delta=2
     8                           	psect	text3,local,class=CODE,delta=2
     9                           	psect	text4,local,class=CODE,delta=2
    10                           	psect	text5,local,class=CODE,delta=2
    11                           	psect	text6,local,class=CODE,delta=2
    12                           	psect	text7,local,class=CODE,delta=2
    13                           	psect	text8,local,class=CODE,delta=2
    14                           	psect	rbss_0,global,class=BANK0,space=1,delta=
      +                          1
    15  0000                     
    16  0000                     
    17  0000                     
    18  0000                     
    19  0000                     
    20  0000                     
    21  0000                     
    22  0000                     
    23  0000                     
    24  0000                     
    25                           
    26                           	psect	__Z00000RS_
    27  001A                     
    28  001A                     	;#
    29                           
    30                           	psect	text0
    31  0324                     _setup
    32                           ;main.c: 22: cont=0;
    33  0324  1283               	bcf	3,5
    34  0325  018E               	clrf	_cont
    35                           ;main.c: 28: TRISA=0b11111111;
    36  0326  30FF               	movlw	-1
    37  0327  1683               	bsf	3,5
    38  0328  0085               	movwf	5	;volatile
    39                           ;main.c: 29: S7 = 0;
    40  0329  1306               	bcf	6,6
    41                           ;main.c: 30: S6 = 0;
    42  032A  1286               	bcf	6,5
    43                           ;main.c: 31: S5 = 0;
    44  032B  1206               	bcf	6,4
    45                           ;main.c: 32: S4 = 0;
    46  032C  1186               	bcf	6,3
    47                           ;main.c: 33: S3 = 0;
    48  032D  1106               	bcf	6,2
    49                           ;main.c: 34: S2 = 0;
    50  032E  1086               	bcf	6,1
    51                           ;main.c: 35: S1 = 0;
    52  032F  1006               	bcf	6,0
    53                           ;main.c: 36: }
    54  0330  1283               	bcf	3,5
    55  0331  0008               	return
    56                           
    57                           	psect	config
    58  2007  3FF1               	dw	16369	;#
    59                           
    60                           	psect	text1
    61  02B6                     _adelante
    62                           ;main.c: 40: PORTB=0b10100101;
    63  02B6  30A5               	movlw	-91
    64  02B7  1283               	bcf	3,5
    65  02B8  0086               	movwf	6	;volatile
    66                           ;main.c: 42: }
    67  02B9  0008               	return
    68                           
    69                           	psect	text2
    70  02BE                     _atras
    71                           ;main.c: 45: PORTB=0b01011010;
    72  02BE  305A               	movlw	90
    73  02BF  1283               	bcf	3,5
    74  02C0  0086               	movwf	6	;volatile
    75                           ;main.c: 47: }
    76  02C1  0008               	return
    77                           
    78                           	psect	text3
    79  02AE                     _izquierda
    80                           ;main.c: 50: PORTB=0b01100110;
    81  02AE  3066               	movlw	102
    82  02AF  1283               	bcf	3,5
    83  02B0  0086               	movwf	6	;volatile
    84                           ;main.c: 51: }
    85  02B1  0008               	return
    86                           
    87                           	psect	text4
    88  02B2                     _derecha
    89                           ;main.c: 54: PORTB=0b10011001;
    90  02B2  3099               	movlw	-103
    91  02B3  1283               	bcf	3,5
    92  02B4  0086               	movwf	6	;volatile
    93                           ;main.c: 55: }
    94  02B5  0008               	return
    95                           
    96                           	psect	text5
    97  02AB                     _stop
    98                           ;main.c: 58: PORTB=0b00000000;
    99  02AB  1283               	bcf	3,5
   100  02AC  0186               	clrf	6	;volatile
   101                           ;main.c: 59: }
   102  02AD  0008               	return
   103                           
   104                           	psect	text6
   105  02A9                     _loop
   106                           ;main.c: 63: adelante();
   107  02A9  1283               	bcf	3,5
   108  02AA  2AB6               	goto	_adelante
   109                           
   110                           	psect	text7
   111  02F6                     _main
   112                           ;main.c: 69: TRISA = 0b00000000;
   113  02F6  1683               	bsf	3,5
   114  02F7  0185               	clrf	5	;volatile
   115                           ;main.c: 70: TRISB = 0b00000000;
   116  02F8  0186               	clrf	6	;volatile
   117                           ;main.c: 72: setup();
   118  02F9  1283               	bcf	3,5
   119  02FA  2324               	call	_setup
   120                           ;main.c: 74: PORTA = 0b00000000;
   121  02FB  0185               	clrf	5	;volatile
   122                           ;main.c: 75: PORTB = 0b00000000;
   123  02FC  0186               	clrf	6	;volatile
   124  02FD                     l11
   125                           ;main.c: 79: while(1){
   126                           ;main.c: 80: loop();
   127                           ;main.c: 63: adelante();
   128  02FD  1283               	bcf	3,5
   129  02FE  22B6               	call	_adelante
   130                           ;main.c: 81: }
   131  02FF  2AFD               	goto	l11
   132                           
   133                           	psect	text8
   134  0000                     
   135  0000                     
   136  0000                     
   137  0000                     
   138  0000                     
   139  0000                     
   140  0000                     
   141  0000                     
   142  0000                     
   143  0000                     
   144  0000                     
   145  0000                     
   146  0000                     
   147  0000                     
   148  0000                     
   149  0000                     
   150  0000                     
   151  0000                     
   152  0000                     
   153  0000                     
   154  0000                     
   155  0000                     
   156  0000                     
   157  0000                     
   158  0000                     
   159  0000                     
   160  0000                     
   161  0000                     
   162  0000                     
   163  0000                     
   164  0000                     
   165  0000                     
   166  0000                     
   167  0000                     
   168  0000                     
   169  0000                     
   170  0000                     
   171  0000                     
   172  0000                     
   173  0000                     
   174  0000                     
   175  0000                     
   176  0000                     
   177  0000                     
   178  0000                     
   179  0000                     
   180  0000                     
   181  0000                     
   182  0000                     
   183  0000                     
   184  0000                     
   185  0000                     
   186  0000                     
   187  0000                     
   188  0000                     
   189  0000                     
   190  0000                     
   191  0000                     
   192  0000                     
   193  0000                     
   194  0000                     
   195  0000                     
   196  0000                     
   197  0000                     
   198  0000                     
   199  0000                     
   200  0000                     
   201  0000                     
   202  0000                     
   203  0000                     
   204  0000                     
   205  0000                     
   206  0000                     
   207  0000                     
   208  0000                     
   209  0000                     
   210  0000                     
   211  0000                     
   212  0000                     
   213  0000                     
   214  0000                     
   215  0000                     
   216  0000                     
   217  0000                     
   218  0000                     
   219  0000                     
   220  0000                     
   221  0000                     
   222  0000                     
   223  0000                     
   224  0000                     
   225  0000                     
   226  0000                     
   227  0000                     
   228  0000                     
   229  0000                     
   230                           
   231                           	psect	rbss_0
   232  000E                     _cont
   233  000E                     	ds	1


HI-TECH Software PICC Macro Assembler V8.05PL2
Symbol Table                                          Thu Nov 24 15:29:10 2022

        l11 02FD        _cont 000E        _main 02F6        _loop 02A9  
      _stop 02AB        start 0017     _derecha 02B2   _izquierda 02AE  
     _atras 02BE       _setup 0324       status 0003  clear_bank0 0017  
  _adelante 02B6  
